[INFO] Scanning for projects...
[INFO] 
[INFO] ---------< com.arcflow.contracts:seal-use-contract-prototype >----------
[INFO] Building Local-only seal-use contract prototype 0.1.0-SNAPSHOT
[INFO]   from pom.xml
[INFO] --------------------------------[ jar ]---------------------------------
[INFO] 
[INFO] --- resources:3.4.0:resources (default-resources) @ seal-use-contract-prototype ---
[INFO] skip non existing resourceDirectory /workspace/scratch/98f00718cf29/seal-local-contracts/repo/contracts/seal-use/java/src/main/resources
[INFO] 
[INFO] --- compiler:3.13.0:compile (default-compile) @ seal-use-contract-prototype ---
[INFO] Recompiling the module because of changed source code.
[INFO] Compiling 2 source files with javac [debug release 17] to target/classes
[INFO] 
[INFO] --- resources:3.4.0:testResources (default-testResources) @ seal-use-contract-prototype ---
[INFO] Copying 2 resources from src/test/resources to target/test-classes
[INFO] 
[INFO] --- compiler:3.13.0:testCompile (default-testCompile) @ seal-use-contract-prototype ---
[INFO] Recompiling the module because of changed dependency.
[INFO] Compiling 3 source files with javac [debug release 17] to target/test-classes
[INFO] 
[INFO] --- surefire:3.5.2:test (default-test) @ seal-use-contract-prototype ---
[INFO] Using auto detected provider org.apache.maven.surefire.junitplatform.JUnitPlatformProvider
[INFO] 
[INFO] -------------------------------------------------------
[INFO]  T E S T S
[INFO] -------------------------------------------------------
[INFO] Running com.arcflow.contracts.sealuse.SealUseVectorsTest
[INFO] Tests run: 65, Failures: 0, Errors: 0, Skipped: 0, Time elapsed: 0.175 s -- in com.arcflow.contracts.sealuse.SealUseVectorsTest
[INFO] Running com.arcflow.contracts.sealuse.SealUseCodecTest
[INFO] Tests run: 382, Failures: 0, Errors: 0, Skipped: 0, Time elapsed: 0.797 s -- in com.arcflow.contracts.sealuse.SealUseCodecTest
[INFO] Running com.arcflow.contracts.sealuse.SealUseRawInputLimitTest
[INFO] Tests run: 5, Failures: 0, Errors: 0, Skipped: 0, Time elapsed: 0.218 s -- in com.arcflow.contracts.sealuse.SealUseRawInputLimitTest
[INFO] 
[INFO] Results:
[INFO] 
[INFO] Tests run: 452, Failures: 0, Errors: 0, Skipped: 0
[INFO] 
[INFO] 
[INFO] --- jar:3.5.0:jar (default-jar) @ seal-use-contract-prototype ---
[INFO] Building jar: /workspace/scratch/98f00718cf29/seal-local-contracts/repo/contracts/seal-use/java/target/seal-use-contract-prototype-0.1.0-SNAPSHOT.jar
[INFO] ------------------------------------------------------------------------
[INFO] BUILD SUCCESS
[INFO] ------------------------------------------------------------------------
[INFO] Total time:  3.606 s
[INFO] Finished at: 2026-10-08T10:50:59-07:00
[INFO] ------------------------------------------------------------------------
